-- The C compiler identification is GNU 11.4.0
-- The CXX compiler identification is GNU 11.4.0
-- Detecting C compiler ABI info
-- Detecting C compiler ABI info - done
-- Check for working C compiler: /usr/bin/cc - skipped
-- Detecting C compile features
-- Detecting C compile features - done
-- Detecting CXX compiler ABI info
-- Detecting CXX compiler ABI info - done
-- Check for working CXX compiler: /usr/bin/c++ - skipped
-- Detecting CXX compile features
-- Detecting CXX compile features - done
-- Found ament_cmake: 1.3.12 (/opt/ros/humble/share/ament_cmake/cmake)
-- Found Python3: /usr/bin/python3 (found version "3.10.12") found components: Interpreter 
-- Found rclcpp: 16.0.14 (/opt/ros/humble/share/rclcpp/cmake)
-- Found rosidl_generator_c: 3.1.7 (/opt/ros/humble/share/rosidl_generator_c/cmake)
-- Found rosidl_adapter: 3.1.7 (/opt/ros/humble/share/rosidl_adapter/cmake)
-- Found rosidl_generator_cpp: 3.1.7 (/opt/ros/humble/share/rosidl_generator_cpp/cmake)
-- Using all available rosidl_typesupport_c: rosidl_typesupport_fastrtps_c;rosidl_typesupport_introspection_c
-- Using all available rosidl_typesupport_cpp: rosidl_typesupport_fastrtps_cpp;rosidl_typesupport_introspection_cpp
-- Found rmw_implementation_cmake: 6.1.2 (/opt/ros/humble/share/rmw_implementation_cmake/cmake)
-- Found rmw_fastrtps_cpp: 6.2.8 (/opt/ros/humble/share/rmw_fastrtps_cpp/cmake)
-- Found OpenSSL: /usr/lib/x86_64-linux-gnu/libcrypto.so (found version "3.0.2")  
-- Found FastRTPS: /opt/ros/humble/include  
-- Using RMW implementation 'rmw_fastrtps_cpp' as default
-- Looking for pthread.h
-- Looking for pthread.h - found
-- Performing Test CMAKE_HAVE_LIBC_PTHREAD
-- Performing Test CMAKE_HAVE_LIBC_PTHREAD - Success
-- Found Threads: TRUE  
-- Found sensor_msgs: 4.9.0 (/opt/ros/humble/share/sensor_msgs/cmake)
-- Found cv_bridge: 3.2.1 (/opt/ros/humble/share/cv_bridge/cmake)
-- Found image_transport: 3.1.12 (/opt/ros/humble/share/image_transport/cmake)
-- Found OpenCV: /usr (found version "4.5.4") 
-- Configuring done
-- Generating done
[33mCMake Warning:
  Manually-specified variables were not used by the project:

    CATKIN_INSTALL_INTO_PREFIX_ROOT

[0m
-- Build files have been written to: /home/student/41068_ws/src/RsHDeez/perception/build/thermal_scan_trigger
[ 50%] [32mBuilding CXX object CMakeFiles/thermal_scan_trigger_node.dir/src/thermal_scan_trigger.cpp.o[0m
[100%] [32m[1mLinking CXX executable thermal_scan_trigger_node[0m
[100%] Built target thermal_scan_trigger_node
-- Install configuration: "Release"
-- Installing: /home/student/41068_ws/src/RsHDeez/perception/install/thermal_scan_trigger/lib/thermal_scan_trigger/thermal_scan_trigger_node
-- Set runtime path of "/home/student/41068_ws/src/RsHDeez/perception/install/thermal_scan_trigger/lib/thermal_scan_trigger/thermal_scan_trigger_node" to ""
-- Installing: /home/student/41068_ws/src/RsHDeez/perception/install/thermal_scan_trigger/share/ament_index/resource_index/package_run_dependencies/thermal_scan_trigger
-- Installing: /home/student/41068_ws/src/RsHDeez/perception/install/thermal_scan_trigger/share/ament_index/resource_index/parent_prefix_path/thermal_scan_trigger
-- Installing: /home/student/41068_ws/src/RsHDeez/perception/install/thermal_scan_trigger/share/thermal_scan_trigger/environment/ament_prefix_path.sh
-- Installing: /home/student/41068_ws/src/RsHDeez/perception/install/thermal_scan_trigger/share/thermal_scan_trigger/environment/ament_prefix_path.dsv
-- Installing: /home/student/41068_ws/src/RsHDeez/perception/install/thermal_scan_trigger/share/thermal_scan_trigger/environment/path.sh
-- Installing: /home/student/41068_ws/src/RsHDeez/perception/install/thermal_scan_trigger/share/thermal_scan_trigger/environment/path.dsv
-- Installing: /home/student/41068_ws/src/RsHDeez/perception/install/thermal_scan_trigger/share/thermal_scan_trigger/local_setup.bash
-- Installing: /home/student/41068_ws/src/RsHDeez/perception/install/thermal_scan_trigger/share/thermal_scan_trigger/local_setup.sh
-- Installing: /home/student/41068_ws/src/RsHDeez/perception/install/thermal_scan_trigger/share/thermal_scan_trigger/local_setup.zsh
-- Installing: /home/student/41068_ws/src/RsHDeez/perception/install/thermal_scan_trigger/share/thermal_scan_trigger/local_setup.dsv
-- Installing: /home/student/41068_ws/src/RsHDeez/perception/install/thermal_scan_trigger/share/thermal_scan_trigger/package.dsv
-- Installing: /home/student/41068_ws/src/RsHDeez/perception/install/thermal_scan_trigger/share/ament_index/resource_index/packages/thermal_scan_trigger
-- Installing: /home/student/41068_ws/src/RsHDeez/perception/install/thermal_scan_trigger/share/thermal_scan_trigger/cmake/thermal_scan_triggerConfig.cmake
-- Installing: /home/student/41068_ws/src/RsHDeez/perception/install/thermal_scan_trigger/share/thermal_scan_trigger/cmake/thermal_scan_triggerConfig-version.cmake
-- Installing: /home/student/41068_ws/src/RsHDeez/perception/install/thermal_scan_trigger/share/thermal_scan_trigger/package.xml
